Command: vcs -sverilog -full64 -debug_access+all -cm line+cond+fsm+tgl+branch+assert \
-cm_dir simv.cm -f vcs.f -l logs/compile.log
                         Chronologic VCS (TM)
       Version T-2022.06-SP2_Full64 -- Sun Jun 21 22:30:06 2026

                    Copyright (c) 1991 - 2022 Synopsys, Inc.
   This software and the associated documentation are proprietary to Synopsys,
 Inc. This software may only be used in accordance with the terms and conditions
 of a written license agreement with Synopsys, Inc. All other use, reproduction,
   or distribution of this software is strictly prohibited.  Licensed Products
     communicate with Synopsys servers for the purpose of providing software
    updates, detecting software piracy and verifying that customers are using
    Licensed Products in conformity with the applicable License Key for such
  Licensed Products. Synopsys will use information gathered in connection with
    this process to deliver software updates and pursue software pirates and
                                   infringers.

 Inclusivity & Diversity - Visit SolvNetPlus to read the "Synopsys Statement on
            Inclusivity and Diversity" (Refer to article 000036315 at
                        https://solvnetplus.synopsys.com)

Parsing design file './design/bird.v'
Parsing design file './verif/if/bird_if.sv'
Parsing design file './verif/env/bird_pkg.sv'
Parsing included file './verif/cfg/bird_cfg.sv'.
Back to file './verif/env/bird_pkg.sv'.
Parsing included file './verif/env/bird_transaction.sv'.
Back to file './verif/env/bird_pkg.sv'.
Parsing included file './verif/env/bird_generator.sv'.
Back to file './verif/env/bird_pkg.sv'.
Parsing included file './verif/env/bird_driver.sv'.
Back to file './verif/env/bird_pkg.sv'.
Parsing included file './verif/env/bird_input_monitor.sv'.
Back to file './verif/env/bird_pkg.sv'.
Parsing included file './verif/env/bird_local_monitor.sv'.
Back to file './verif/env/bird_pkg.sv'.
Parsing included file './verif/env/bird_remote_monitor.sv'.
Back to file './verif/env/bird_pkg.sv'.
Parsing included file './verif/env/bird_local_checker.sv'.
Back to file './verif/env/bird_pkg.sv'.
Parsing included file './verif/env/bird_remote_checker.sv'.
Back to file './verif/env/bird_pkg.sv'.
Parsing included file './verif/env/bird_drop_checker.sv'.
Back to file './verif/env/bird_pkg.sv'.
Parsing included file './verif/env/bird_coverage.sv'.
Back to file './verif/env/bird_pkg.sv'.
Parsing included file './verif/env/bird_agent.sv'.
Back to file './verif/env/bird_pkg.sv'.
Parsing included file './verif/env/bird_env.sv'.
Back to file './verif/env/bird_pkg.sv'.
Parsing included file './verif/seq/bird_base_sequence.sv'.
Back to file './verif/env/bird_pkg.sv'.
Parsing included file './verif/seq/bird_local_sequence.sv'.
Back to file './verif/env/bird_pkg.sv'.
Parsing included file './verif/seq/bird_remote_sequence.sv'.
Back to file './verif/env/bird_pkg.sv'.
Parsing included file './verif/seq/bird_negative_sequence.sv'.
Back to file './verif/env/bird_pkg.sv'.
Parsing included file './verif/seq/bird_regression_sequence.sv'.
Back to file './verif/env/bird_pkg.sv'.
Parsing included file './verif/tests/bird_base_test.sv'.
Back to file './verif/env/bird_pkg.sv'.
Parsing included file './verif/tests/reset_clears_all_outputs_test.sv'.
Back to file './verif/env/bird_pkg.sv'.
Parsing included file './verif/tests/valid_ready_basic_transfer_test.sv'.
Back to file './verif/env/bird_pkg.sv'.
Parsing included file './verif/tests/backpressure_stability_test.sv'.
Back to file './verif/env/bird_pkg.sv'.
Parsing included file './verif/tests/cfg_sampled_on_first_payload_byte_test.sv'.
Back to file './verif/env/bird_pkg.sv'.
Parsing included file './verif/tests/local_basic_test.sv'.
Back to file './verif/env/bird_pkg.sv'.
Parsing included file './verif/tests/local_payload_boundary_test.sv'.
Back to file './verif/env/bird_pkg.sv'.
Parsing included file './verif/tests/remote_tests.sv'.
Back to file './verif/env/bird_pkg.sv'.
Parsing included file './verif/tests/negative_tests.sv'.
Back to file './verif/env/bird_pkg.sv'.
Parsing included file './verif/tests/regression_tests.sv'.
Back to file './verif/env/bird_pkg.sv'.
Parsing design file './verif/tb/bird_test.sv'
Parsing design file './verif/tb/bird_tb.sv'
Top Level Modules:
       bird_tb
No TimeScale specified
VCS Coverage Metrics Release T-2022.06-SP2_Full64 Copyright (c) 1991-2022 by Synopsys Inc.

Warning-[INTFDV] VCD dumping of interface/program/package
./verif/tb/bird_tb.sv, 64
  Selective VCD dumping of interface 'bird_if' is not supported.  Selective 
  VCD dumping for interfaces, packages and programs is not supported.
  Use full VCD dumping '$dumpvars(0)', or use VPD or FSDB dumping, recompile 
  with '-debug_access'.

Notice: Ports coerced to inout, use -notice for details
Starting vcs inline pass...
5 modules and 0 UDP read.
recompiling package vcs_paramclassrepository
recompiling module bird
recompiling module bird_if
recompiling package bird_pkg
recompiling module bird_tb
All of 5 modules done
rm -f _cuarc*.so _csrc*.so pre_vcsobj_*.so share_vcsobj_*.so
if [ -x ../simv ]; then chmod a-x ../simv; fi
g++  -o ../simv      -rdynamic  -Wl,-rpath='$ORIGIN'/simv.daidir -Wl,-rpath=./simv.daidir \
-Wl,-rpath=/usr/synopsys/vcs/T-2022.06-SP2/linux64/lib -L/usr/synopsys/vcs/T-2022.06-SP2/linux64/lib \
-Wl,-rpath-link=./  /usr/lib64/libnuma.so.1   objs/amcQw_d.o   _15352_archive_1.so \
SIM_l.o      rmapats_mop.o rmapats.o rmar.o rmar_nd.o  rmar_llvm_0_1.o rmar_llvm_0_0.o \
-lvirsim -lerrorinf -lsnpsmalloc -lvfs    -lvcsnew -lsimprofile -lreader_common /usr/synopsys/vcs/T-2022.06-SP2/linux64/lib/libBA.a \
-luclinative /usr/synopsys/vcs/T-2022.06-SP2/linux64/lib/vcs_tls.o   -Wl,-whole-archive \
-lvcsucli    -Wl,-no-whole-archive        _vcs_pli_stub_.o   /usr/synopsys/vcs/T-2022.06-SP2/linux64/lib/vcs_save_restore_new.o \
/usr/synopsys/verdi/T-2022.06-SP2/share/PLI/VCS/LINUX64/pli.a -ldl  -lc -lm -lpthread \
-ldl 
../simv up to date
CPU time: 1.099 seconds to compile + .470 seconds to elab + .320 seconds to link
